../Core/Src/main.c:128:5:main	24	static
../Core/Src/main.c:307:6:SystemClock_Config	88	static
../Core/Src/main.c:350:13:MX_I2C1_Init	8	static
../Core/Src/main.c:384:13:MX_IWDG_Init	8	static
../Core/Src/main.c:412:13:MX_SPI1_Init	8	static
../Core/Src/main.c:450:13:MX_SPI2_Init	8	static
../Core/Src/main.c:488:13:MX_TIM3_Init	48	static
../Core/Src/main.c:537:13:MX_GPIO_Init	48	static
../Core/Src/main.c:609:6:HAL_GPIO_EXTI_Callback	16	static
../Core/Src/main.c:620:6:udp_send_data	72	static
../Core/Src/main.c:648:6:rfid_poll	16	static
../Core/Src/main.c:676:6:udp_rx_callback	24	static
../Core/Src/main.c:695:6:Servo_SetAngle	24	static
../Core/Src/main.c:709:6:Error_Handler	4	static,ignoring_inline_asm
