../Core/Src/main.c:111:5:main	16	static
../Core/Src/main.c:234:6:SystemClock_Config	88	static
../Core/Src/main.c:276:13:MX_SPI1_Init	8	static
../Core/Src/main.c:314:13:MX_SPI2_Init	8	static
../Core/Src/main.c:352:13:MX_GPIO_Init	48	static
../Core/Src/main.c:421:6:HAL_GPIO_EXTI_Callback	16	static
../Core/Src/main.c:432:6:udp_send_data	72	static
../Core/Src/main.c:460:6:rfid_poll	16	static
../Core/Src/main.c:494:6:udp_rx_callback	24	static
../Core/Src/main.c:519:6:Error_Handler	4	static,ignoring_inline_asm
