../Core/Src/enc28j60.c:41:16:SPIx_TxRx	24	static
../Core/Src/enc28j60.c:47:13:SPIx_TxBuf	32	static
../Core/Src/enc28j60.c:68:13:init_udelay	4	static,ignoring_inline_asm
../Core/Src/enc28j60.c:85:6:udelay	32	static
../Core/Src/enc28j60.c:114:6:enc_reset	16	static
../Core/Src/enc28j60.c:126:6:enc_start	24	static
../Core/Src/enc28j60.c:249:6:enc_set_MAC	16	static
../Core/Src/enc28j60.c:260:8:enc_prepare_txbuffer	24	static
../Core/Src/enc28j60.c:297:6:enc_wrbuffer	16	static
../Core/Src/enc28j60.c:305:6:enc_transmit	24	static
../Core/Src/enc28j60.c:349:6:enc_get_received_frame	32	static
../Core/Src/enc28j60.c:411:6:enc_enable_interrupts	16	static
../Core/Src/enc28j60.c:417:6:enc_irq_handler	24	static
../Core/Src/enc28j60.c:451:13:enc_setbank	16	static
../Core/Src/enc28j60.c:468:16:enc_rdgreg2	24	static
../Core/Src/enc28j60.c:478:13:enc_wrgreg2	24	static
../Core/Src/enc28j60.c:487:13:enc_waitgreg	32	static
../Core/Src/enc28j60.c:503:13:enc_waitwhilegreg	32	static
../Core/Src/enc28j60.c:519:16:enc_rdbreg	24	static
../Core/Src/enc28j60.c:530:13:enc_wrbreg	24	static
../Core/Src/enc28j60.c:540:13:enc_waitbreg	32	static
../Core/Src/enc28j60.c:556:17:enc_rdphy	24	static
../Core/Src/enc28j60.c:575:13:enc_wrphy	16	static
../Core/Src/enc28j60.c:585:13:enc_rdbuffer	16	static
../Core/Src/enc28j60.c:593:13:enc_linkstatus	16	static
