../LWIP/Target/ethernetif.c:58:6:ENC_MspInit	40	static
../LWIP/Target/ethernetif.c:81:6:ENC_MspDeInit	16	static
../LWIP/Target/ethernetif.c:104:13:low_level_init	16	static
../LWIP/Target/ethernetif.c:141:14:low_level_output	32	static
../LWIP/Target/ethernetif.c:182:22:low_level_input	40	static
../LWIP/Target/ethernetif.c:229:6:ethernetif_input	24	static
../LWIP/Target/ethernetif.c:266:7:ethernetif_init	16	static
../LWIP/Target/ethernetif.c:298:7:sys_jiffies	8	static
../LWIP/Target/ethernetif.c:309:7:sys_now	8	static
../LWIP/Target/ethernetif.c:325:6:ethernetif_set_link	16	static
../LWIP/Target/ethernetif.c:355:6:ethernetif_update_config	16	static
../LWIP/Target/ethernetif.c:372:13:ethernetif_notify_conn_changed	16	static
../LWIP/Target/ethernetif.c:383:6:ethernet_transmit	8	static
